<?xml version="1.0" encoding="utf-8"?>
<?AutomationStudio Version="4.12.4.107 SP"?>
<Objects>
  <Object
    Path="C:\Users\maskeu\Desktop\All\projects\ECamp\PrintMarkCC_LW3\Logical\Package.pkg"
    LogicalPath=""
    Type="Package.ParentUnknown"
    LastWriteTime="133476491110832873" />
  <Object
    Path="C:\Users\maskeu\Desktop\All\projects\ECamp\PrintMarkCC_LW3\Temp\Includes\AS_TempDecl\Config1\GlobalComponents\MpComponents.var"
    LogicalPath="MpComponents.var"
    Type="File"
    LastWriteTime="133479567081656315"
    Private="false" />
  <Object
    Path="C:\Users\maskeu\Desktop\All\projects\ECamp\PrintMarkCC_LW3\Logical\Global.typ"
    LogicalPath="Global.typ"
    Type="File"
    LastWriteTime="133477804020221055"
    Private="false" />
  <Object
    Path="C:\Users\maskeu\Desktop\All\projects\ECamp\PrintMarkCC_LW3\Logical\Global.var"
    LogicalPath="Global.var"
    Type="File"
    LastWriteTime="133477830211235458"
    Private="false" />
  <Object
    Path="C:\Users\maskeu\Desktop\All\projects\ECamp\PrintMarkCC_LW3\Logical\Libraries\Package.pkg"
    LogicalPath="Libraries"
    Type="Package"
    LastWriteTime="133479596502216804" />
  <Object
    Path="C:\Users\maskeu\Desktop\All\projects\ECamp\PrintMarkCC_LW3\Logical\Libraries\operator\binary.lby"
    LogicalPath="Libraries.operator"
    Type="Library"
    LastWriteTime="133474379384114287" />
  <Object
    Path="C:\Users\maskeu\Desktop\All\projects\ECamp\PrintMarkCC_LW3\Logical\Libraries\operator\operator.fun"
    LogicalPath="Libraries.operator.operator.fun"
    Type="File"
    LastWriteTime="133474379384114287"
    Private="false" />
  <Object
    Path="C:\Users\maskeu\Desktop\All\projects\ECamp\PrintMarkCC_LW3\Logical\Libraries\operator\operator.typ"
    LogicalPath="Libraries.operator.operator.typ"
    Type="File"
    LastWriteTime="133474379384114287"
    Private="false" />
  <Object
    Path="C:\Users\maskeu\Desktop\All\projects\ECamp\PrintMarkCC_LW3\Logical\Libraries\operator\operator.var"
    LogicalPath="Libraries.operator.operator.var"
    Type="File"
    LastWriteTime="133474379384114287"
    Private="false" />
  <Object
    Path="C:\Users\maskeu\Desktop\All\projects\ECamp\PrintMarkCC_LW3\Logical\Libraries\runtime\binary.lby"
    LogicalPath="Libraries.runtime"
    Type="Library"
    LastWriteTime="133474379385960393" />
  <Object
    Path="C:\Users\maskeu\Desktop\All\projects\ECamp\PrintMarkCC_LW3\Logical\Libraries\runtime\runtime.fun"
    LogicalPath="Libraries.runtime.runtime.fun"
    Type="File"
    LastWriteTime="133474379385880151"
    Private="false" />
  <Object
    Path="C:\Users\maskeu\Desktop\All\projects\ECamp\PrintMarkCC_LW3\Logical\Libraries\runtime\runtime.typ"
    LogicalPath="Libraries.runtime.runtime.typ"
    Type="File"
    LastWriteTime="133474379385880151"
    Private="false" />
  <Object
    Path="C:\Users\maskeu\Desktop\All\projects\ECamp\PrintMarkCC_LW3\Logical\Libraries\runtime\runtime.var"
    LogicalPath="Libraries.runtime.runtime.var"
    Type="File"
    LastWriteTime="133474379385880151"
    Private="false" />
  <Object
    Path="C:\Users\maskeu\Desktop\All\projects\ECamp\PrintMarkCC_LW3\Logical\Libraries\astime\binary.lby"
    LogicalPath="Libraries.astime"
    Type="Library"
    LastWriteTime="133474379387683864" />
  <Object
    Path="C:\Users\maskeu\Desktop\All\projects\ECamp\PrintMarkCC_LW3\Logical\Libraries\astime\astime.fun"
    LogicalPath="Libraries.astime.astime.fun"
    Type="File"
    LastWriteTime="133474379387683864"
    Private="false" />
  <Object
    Path="C:\Users\maskeu\Desktop\All\projects\ECamp\PrintMarkCC_LW3\Logical\Libraries\astime\astime.typ"
    LogicalPath="Libraries.astime.astime.typ"
    Type="File"
    LastWriteTime="133474379387683864"
    Private="false" />
  <Object
    Path="C:\Users\maskeu\Desktop\All\projects\ECamp\PrintMarkCC_LW3\Logical\Libraries\astime\astime.var"
    LogicalPath="Libraries.astime.astime.var"
    Type="File"
    LastWriteTime="133474379387683864"
    Private="false" />
  <Object
    Path="C:\Users\maskeu\Desktop\All\projects\ECamp\PrintMarkCC_LW3\Logical\Libraries\AsIecCon\binary.lby"
    LogicalPath="Libraries.AsIecCon"
    Type="Library"
    LastWriteTime="133474379389672705" />
  <Object
    Path="C:\Users\maskeu\Desktop\All\projects\ECamp\PrintMarkCC_LW3\Logical\Libraries\AsIecCon\AsIecCon.fun"
    LogicalPath="Libraries.AsIecCon.AsIecCon.fun"
    Type="File"
    LastWriteTime="133474379389592543"
    Private="false" />
  <Object
    Path="C:\Users\maskeu\Desktop\All\projects\ECamp\PrintMarkCC_LW3\Logical\Libraries\AsIecCon\AsIecCon.typ"
    LogicalPath="Libraries.AsIecCon.AsIecCon.typ"
    Type="File"
    LastWriteTime="133474379389592543"
    Private="false" />
  <Object
    Path="C:\Users\maskeu\Desktop\All\projects\ECamp\PrintMarkCC_LW3\Logical\Libraries\AsIecCon\AsIecCon.var"
    LogicalPath="Libraries.AsIecCon.AsIecCon.var"
    Type="File"
    LastWriteTime="133474379389592543"
    Private="false" />
  <Object
    Path="C:\Users\maskeu\Desktop\All\projects\ECamp\PrintMarkCC_LW3\Logical\Libraries\Acp10man\Binary.lby"
    LogicalPath="Libraries.Acp10man"
    Type="Library"
    LastWriteTime="133474380138994737" />
  <Object
    Path="C:\Users\maskeu\Desktop\All\projects\ECamp\PrintMarkCC_LW3\Logical\Libraries\Acp10man\Acp10man.typ"
    LogicalPath="Libraries.Acp10man.Acp10man.typ"
    Type="File"
    LastWriteTime="133474380138994737"
    Private="false" />
  <Object
    Path="C:\Users\maskeu\Desktop\All\projects\ECamp\PrintMarkCC_LW3\Logical\Libraries\Acp10par\Binary.lby"
    LogicalPath="Libraries.Acp10par"
    Type="Library"
    LastWriteTime="133474380139373541" />
  <Object
    Path="C:\Users\maskeu\Desktop\All\projects\ECamp\PrintMarkCC_LW3\Logical\Libraries\Acp10par\Acp10par.var"
    LogicalPath="Libraries.Acp10par.Acp10par.var"
    Type="File"
    LastWriteTime="133474380139373541"
    Private="false" />
  <Object
    Path="C:\Users\maskeu\Desktop\All\projects\ECamp\PrintMarkCC_LW3\Logical\Libraries\NcGlobal\Binary.lby"
    LogicalPath="Libraries.NcGlobal"
    Type="Library"
    LastWriteTime="133474380139686238" />
  <Object
    Path="C:\Users\maskeu\Desktop\All\projects\ECamp\PrintMarkCC_LW3\Logical\Libraries\NcGlobal\NcGlobal.fun"
    LogicalPath="Libraries.NcGlobal.NcGlobal.fun"
    Type="File"
    LastWriteTime="133474380139686238"
    Private="false" />
  <Object
    Path="C:\Users\maskeu\Desktop\All\projects\ECamp\PrintMarkCC_LW3\Logical\Libraries\NcGlobal\NcGlobal.typ"
    LogicalPath="Libraries.NcGlobal.NcGlobal.typ"
    Type="File"
    LastWriteTime="133474380139686238"
    Private="false" />
  <Object
    Path="C:\Users\maskeu\Desktop\All\projects\ECamp\PrintMarkCC_LW3\Logical\Libraries\NcGlobal\NcGlobal.var"
    LogicalPath="Libraries.NcGlobal.NcGlobal.var"
    Type="File"
    LastWriteTime="133474380139686238"
    Private="false" />
  <Object
    Path="C:\Users\maskeu\Desktop\All\projects\ECamp\PrintMarkCC_LW3\Logical\Libraries\MpAxis\Binary.lby"
    LogicalPath="Libraries.MpAxis"
    Type="Library"
    LastWriteTime="133474413236581520" />
  <Object
    Path="C:\Users\maskeu\Desktop\All\projects\ECamp\PrintMarkCC_LW3\Logical\Libraries\MpAxis\MpAxis.typ"
    LogicalPath="Libraries.MpAxis.MpAxis.typ"
    Type="File"
    LastWriteTime="133474413236511861"
    Private="false" />
  <Object
    Path="C:\Users\maskeu\Desktop\All\projects\ECamp\PrintMarkCC_LW3\Logical\Libraries\MpAxis\MpAxisError.typ"
    LogicalPath="Libraries.MpAxis.MpAxisError.typ"
    Type="File"
    LastWriteTime="133474413236531441"
    Private="false" />
  <Object
    Path="C:\Users\maskeu\Desktop\All\projects\ECamp\PrintMarkCC_LW3\Logical\Libraries\MpAxis\MpAxisAlarm.typ"
    LogicalPath="Libraries.MpAxis.MpAxisAlarm.typ"
    Type="File"
    LastWriteTime="133474413236551554"
    Private="false" />
  <Object
    Path="C:\Users\maskeu\Desktop\All\projects\ECamp\PrintMarkCC_LW3\Logical\Libraries\MpAxis\MpAxis.fun"
    LogicalPath="Libraries.MpAxis.MpAxis.fun"
    Type="File"
    LastWriteTime="133474413236571433"
    Private="false" />
  <Object
    Path="C:\Users\maskeu\Desktop\All\projects\ECamp\PrintMarkCC_LW3\Logical\Libraries\Acp10_MC\binary.lby"
    LogicalPath="Libraries.Acp10_MC"
    Type="Library"
    LastWriteTime="133474413237182090" />
  <Object
    Path="C:\Users\maskeu\Desktop\All\projects\ECamp\PrintMarkCC_LW3\Logical\Libraries\Acp10_MC\acp10_mc.fun"
    LogicalPath="Libraries.Acp10_MC.acp10_mc.fun"
    Type="File"
    LastWriteTime="133474413237131461"
    Private="false" />
  <Object
    Path="C:\Users\maskeu\Desktop\All\projects\ECamp\PrintMarkCC_LW3\Logical\Libraries\Acp10_MC\acp10_mc.typ"
    LogicalPath="Libraries.Acp10_MC.acp10_mc.typ"
    Type="File"
    LastWriteTime="133474413237152082"
    Private="false" />
  <Object
    Path="C:\Users\maskeu\Desktop\All\projects\ECamp\PrintMarkCC_LW3\Logical\Libraries\Acp10_MC\acp10_mc.var"
    LogicalPath="Libraries.Acp10_MC.acp10_mc.var"
    Type="File"
    LastWriteTime="133474413237172077"
    Private="false" />
  <Object
    Path="C:\Users\maskeu\Desktop\All\projects\ECamp\PrintMarkCC_LW3\Logical\Libraries\MpBase\Binary.lby"
    LogicalPath="Libraries.MpBase"
    Type="Library"
    LastWriteTime="133474413237501844" />
  <Object
    Path="C:\Users\maskeu\Desktop\All\projects\ECamp\PrintMarkCC_LW3\Logical\Libraries\MpBase\MpBase.var"
    LogicalPath="Libraries.MpBase.MpBase.var"
    Type="File"
    LastWriteTime="133474413237431748"
    Private="false" />
  <Object
    Path="C:\Users\maskeu\Desktop\All\projects\ECamp\PrintMarkCC_LW3\Logical\Libraries\MpBase\MpBase.typ"
    LogicalPath="Libraries.MpBase.MpBase.typ"
    Type="File"
    LastWriteTime="133474413237451840"
    Private="false" />
  <Object
    Path="C:\Users\maskeu\Desktop\All\projects\ECamp\PrintMarkCC_LW3\Logical\Libraries\MpBase\MpBase.fun"
    LogicalPath="Libraries.MpBase.MpBase.fun"
    Type="File"
    LastWriteTime="133474413237472341"
    Private="false" />
  <Object
    Path="C:\Users\maskeu\Desktop\All\projects\ECamp\PrintMarkCC_LW3\Logical\Libraries\MpBase\Common_EventLog.tmx"
    LogicalPath="Libraries.MpBase.Common_EventLog.tmx"
    Type="File"
    LastWriteTime="133474413237491860"
    Private="false" />
  <Object
    Path="C:\Users\maskeu\Desktop\All\projects\ECamp\PrintMarkCC_LW3\Logical\Libraries\MpCom\Binary.lby"
    LogicalPath="Libraries.MpCom"
    Type="Library"
    LastWriteTime="133474413237792068" />
  <Object
    Path="C:\Users\maskeu\Desktop\All\projects\ECamp\PrintMarkCC_LW3\Logical\Libraries\MpCom\MpCom.var"
    LogicalPath="Libraries.MpCom.MpCom.var"
    Type="File"
    LastWriteTime="133474413237731922"
    Private="false" />
  <Object
    Path="C:\Users\maskeu\Desktop\All\projects\ECamp\PrintMarkCC_LW3\Logical\Libraries\MpCom\MpCom.typ"
    LogicalPath="Libraries.MpCom.MpCom.typ"
    Type="File"
    LastWriteTime="133474413237751740"
    Private="false" />
  <Object
    Path="C:\Users\maskeu\Desktop\All\projects\ECamp\PrintMarkCC_LW3\Logical\Libraries\MpCom\MpComError.typ"
    LogicalPath="Libraries.MpCom.MpComError.typ"
    Type="File"
    LastWriteTime="133474413237761723"
    Private="false" />
  <Object
    Path="C:\Users\maskeu\Desktop\All\projects\ECamp\PrintMarkCC_LW3\Logical\Libraries\MpCom\MpCom.fun"
    LogicalPath="Libraries.MpCom.MpCom.fun"
    Type="File"
    LastWriteTime="133474413237781825"
    Private="false" />
  <Object
    Path="C:\Users\maskeu\Desktop\All\projects\ECamp\PrintMarkCC_LW3\Logical\Libraries\sys_lib\binary.lby"
    LogicalPath="Libraries.sys_lib"
    Type="Library"
    LastWriteTime="133474413238111988" />
  <Object
    Path="C:\Users\maskeu\Desktop\All\projects\ECamp\PrintMarkCC_LW3\Logical\Libraries\sys_lib\sys_lib.fun"
    LogicalPath="Libraries.sys_lib.sys_lib.fun"
    Type="File"
    LastWriteTime="133474413238042126"
    Private="false" />
  <Object
    Path="C:\Users\maskeu\Desktop\All\projects\ECamp\PrintMarkCC_LW3\Logical\Libraries\sys_lib\sys_lib.typ"
    LogicalPath="Libraries.sys_lib.sys_lib.typ"
    Type="File"
    LastWriteTime="133474413238051781"
    Private="false" />
  <Object
    Path="C:\Users\maskeu\Desktop\All\projects\ECamp\PrintMarkCC_LW3\Logical\Libraries\sys_lib\sys_lib.var"
    LogicalPath="Libraries.sys_lib.sys_lib.var"
    Type="File"
    LastWriteTime="133474413238071793"
    Private="false" />
  <Object
    Path="C:\Users\maskeu\Desktop\All\projects\ECamp\PrintMarkCC_LW3\Logical\Libraries\brsystem\binary.lby"
    LogicalPath="Libraries.brsystem"
    Type="Library"
    LastWriteTime="133474413238391740" />
  <Object
    Path="C:\Users\maskeu\Desktop\All\projects\ECamp\PrintMarkCC_LW3\Logical\Libraries\brsystem\brsystem.fun"
    LogicalPath="Libraries.brsystem.brsystem.fun"
    Type="File"
    LastWriteTime="133474413238321808"
    Private="false" />
  <Object
    Path="C:\Users\maskeu\Desktop\All\projects\ECamp\PrintMarkCC_LW3\Logical\Libraries\brsystem\brsystem.typ"
    LogicalPath="Libraries.brsystem.brsystem.typ"
    Type="File"
    LastWriteTime="133474413238342113"
    Private="false" />
  <Object
    Path="C:\Users\maskeu\Desktop\All\projects\ECamp\PrintMarkCC_LW3\Logical\Libraries\brsystem\brsystem.var"
    LogicalPath="Libraries.brsystem.brsystem.var"
    Type="File"
    LastWriteTime="133474413238361796"
    Private="false" />
  <Object
    Path="C:\Users\maskeu\Desktop\All\projects\ECamp\PrintMarkCC_LW3\Logical\Libraries\MC_RegMa\binary.lby"
    LogicalPath="Libraries.MC_RegMa"
    Type="Library"
    LastWriteTime="133475295750014184" />
  <Object
    Path="C:\Users\maskeu\Desktop\All\projects\ECamp\PrintMarkCC_LW3\Logical\Libraries\MC_RegMa\MC_RegMa.fun"
    LogicalPath="Libraries.MC_RegMa.MC_RegMa.fun"
    Type="File"
    LastWriteTime="133475295750014184"
    Private="false" />
  <Object
    Path="C:\Users\maskeu\Desktop\All\projects\ECamp\PrintMarkCC_LW3\Logical\Libraries\MC_RegMa\MC_RegMa.typ"
    LogicalPath="Libraries.MC_RegMa.MC_RegMa.typ"
    Type="File"
    LastWriteTime="133475295750014184"
    Private="false" />
  <Object
    Path="C:\Users\maskeu\Desktop\All\projects\ECamp\PrintMarkCC_LW3\Logical\Libraries\MC_RegMa\MC_RegMa.var"
    LogicalPath="Libraries.MC_RegMa.MC_RegMa.var"
    Type="File"
    LastWriteTime="133475295750014184"
    Private="false" />
  <Object
    Path="C:\Users\maskeu\Desktop\All\projects\ECamp\PrintMarkCC_LW3\Logical\Libraries\MpAlarmX\Binary.lby"
    LogicalPath="Libraries.MpAlarmX"
    Type="Library"
    LastWriteTime="133475362938773258" />
  <Object
    Path="C:\Users\maskeu\Desktop\All\projects\ECamp\PrintMarkCC_LW3\Logical\Libraries\MpAlarmX\MpAlarmX.typ"
    LogicalPath="Libraries.MpAlarmX.MpAlarmX.typ"
    Type="File"
    LastWriteTime="133475362938693699"
    Private="false" />
  <Object
    Path="C:\Users\maskeu\Desktop\All\projects\ECamp\PrintMarkCC_LW3\Logical\Libraries\MpAlarmX\MpAlarmXError.typ"
    LogicalPath="Libraries.MpAlarmX.MpAlarmXError.typ"
    Type="File"
    LastWriteTime="133475362938693699"
    Private="false" />
  <Object
    Path="C:\Users\maskeu\Desktop\All\projects\ECamp\PrintMarkCC_LW3\Logical\Libraries\MpAlarmX\MpAlarmX.fun"
    LogicalPath="Libraries.MpAlarmX.MpAlarmX.fun"
    Type="File"
    LastWriteTime="133475362938773258"
    Private="false" />
  <Object
    Path="C:\Users\maskeu\Desktop\All\projects\ECamp\PrintMarkCC_LW3\Logical\Libraries\MpUserX\Binary.lby"
    LogicalPath="Libraries.MpUserX"
    Type="Library"
    LastWriteTime="133476510942331433" />
  <Object
    Path="C:\Users\maskeu\Desktop\All\projects\ECamp\PrintMarkCC_LW3\Logical\Libraries\MpUserX\MpUserX.typ"
    LogicalPath="Libraries.MpUserX.MpUserX.typ"
    Type="File"
    LastWriteTime="133476510942231410"
    Private="false" />
  <Object
    Path="C:\Users\maskeu\Desktop\All\projects\ECamp\PrintMarkCC_LW3\Logical\Libraries\MpUserX\MpUserXError.typ"
    LogicalPath="Libraries.MpUserX.MpUserXError.typ"
    Type="File"
    LastWriteTime="133476510942261833"
    Private="false" />
  <Object
    Path="C:\Users\maskeu\Desktop\All\projects\ECamp\PrintMarkCC_LW3\Logical\Libraries\MpUserX\MpUserXAlarm.typ"
    LogicalPath="Libraries.MpUserX.MpUserXAlarm.typ"
    Type="File"
    LastWriteTime="133476510942281950"
    Private="false" />
  <Object
    Path="C:\Users\maskeu\Desktop\All\projects\ECamp\PrintMarkCC_LW3\Logical\Libraries\MpUserX\MpUserX.fun"
    LogicalPath="Libraries.MpUserX.MpUserX.fun"
    Type="File"
    LastWriteTime="133476510942321476"
    Private="false" />
  <Object
    Path="C:\Users\maskeu\Desktop\All\projects\ECamp\PrintMarkCC_LW3\Logical\Libraries\MpData\Binary.lby"
    LogicalPath="Libraries.MpData"
    Type="Library"
    LastWriteTime="133477844249370398" />
  <Object
    Path="C:\Users\maskeu\Desktop\All\projects\ECamp\PrintMarkCC_LW3\Logical\Libraries\MpData\MpData.typ"
    LogicalPath="Libraries.MpData.MpData.typ"
    Type="File"
    LastWriteTime="133477844249021517"
    Private="false" />
  <Object
    Path="C:\Users\maskeu\Desktop\All\projects\ECamp\PrintMarkCC_LW3\Logical\Libraries\MpData\MpDataError.typ"
    LogicalPath="Libraries.MpData.MpDataError.typ"
    Type="File"
    LastWriteTime="133477844249021517"
    Private="false" />
  <Object
    Path="C:\Users\maskeu\Desktop\All\projects\ECamp\PrintMarkCC_LW3\Logical\Libraries\MpData\MpDataAlarm.typ"
    LogicalPath="Libraries.MpData.MpDataAlarm.typ"
    Type="File"
    LastWriteTime="133477844249021517"
    Private="false" />
  <Object
    Path="C:\Users\maskeu\Desktop\All\projects\ECamp\PrintMarkCC_LW3\Logical\Libraries\MpData\MpData.fun"
    LogicalPath="Libraries.MpData.MpData.fun"
    Type="File"
    LastWriteTime="133477844249370398"
    Private="false" />
  <Object
    Path="C:\Users\maskeu\Desktop\All\projects\ECamp\PrintMarkCC_LW3\Logical\Libraries\FileIO\binary.lby"
    LogicalPath="Libraries.FileIO"
    Type="Library"
    LastWriteTime="133477844250152123" />
  <Object
    Path="C:\Users\maskeu\Desktop\All\projects\ECamp\PrintMarkCC_LW3\Logical\Libraries\FileIO\FileIO.fun"
    LogicalPath="Libraries.FileIO.FileIO.fun"
    Type="File"
    LastWriteTime="133477844250152123"
    Private="false" />
  <Object
    Path="C:\Users\maskeu\Desktop\All\projects\ECamp\PrintMarkCC_LW3\Logical\Libraries\FileIO\FileIO.typ"
    LogicalPath="Libraries.FileIO.FileIO.typ"
    Type="File"
    LastWriteTime="133477844250152123"
    Private="false" />
  <Object
    Path="C:\Users\maskeu\Desktop\All\projects\ECamp\PrintMarkCC_LW3\Logical\Libraries\FileIO\FileIO.var"
    LogicalPath="Libraries.FileIO.FileIO.var"
    Type="File"
    LastWriteTime="133477844250152123"
    Private="false" />
  <Object
    Path="C:\Users\maskeu\Desktop\All\projects\ECamp\PrintMarkCC_LW3\Logical\Libraries\DataObj\binary.lby"
    LogicalPath="Libraries.DataObj"
    Type="Library"
    LastWriteTime="133477844250776663" />
  <Object
    Path="C:\Users\maskeu\Desktop\All\projects\ECamp\PrintMarkCC_LW3\Logical\Libraries\DataObj\DataObj.fun"
    LogicalPath="Libraries.DataObj.DataObj.fun"
    Type="File"
    LastWriteTime="133477844250620804"
    Private="false" />
  <Object
    Path="C:\Users\maskeu\Desktop\All\projects\ECamp\PrintMarkCC_LW3\Logical\Libraries\DataObj\DataObj.typ"
    LogicalPath="Libraries.DataObj.DataObj.typ"
    Type="File"
    LastWriteTime="133477844250620804"
    Private="false" />
  <Object
    Path="C:\Users\maskeu\Desktop\All\projects\ECamp\PrintMarkCC_LW3\Logical\Libraries\DataObj\DataObj.var"
    LogicalPath="Libraries.DataObj.DataObj.var"
    Type="File"
    LastWriteTime="133477844250620804"
    Private="false" />
  <Object
    Path="C:\Users\maskeu\Desktop\All\projects\ECamp\PrintMarkCC_LW3\Logical\Libraries\IecCheck\IEC.lby"
    LogicalPath="Libraries.IecCheck"
    Type="Library"
    LastWriteTime="133479596478975190" />
  <Object
    Path="C:\Users\maskeu\Desktop\All\projects\ECamp\PrintMarkCC_LW3\Logical\Libraries\IecCheck\IecCheck.fun"
    LogicalPath="Libraries.IecCheck.IecCheck.fun"
    Type="File"
    LastWriteTime="133479596478975190"
    Private="false" />
  <Object
    Path="C:\Users\maskeu\Desktop\All\projects\ECamp\PrintMarkCC_LW3\Logical\Libraries\IecCheck\IecCheck.st"
    LogicalPath="Libraries.IecCheck.IecCheck.st"
    Type="File"
    LastWriteTime="133479596478975190"
    Private="false" />
  <Object
    Path="C:\Users\maskeu\Desktop\All\projects\ECamp\PrintMarkCC_LW3\Logical\Libraries\AsBrStr\binary.lby"
    LogicalPath="Libraries.AsBrStr"
    Type="Library"
    LastWriteTime="133479596502060566" />
  <Object
    Path="C:\Users\maskeu\Desktop\All\projects\ECamp\PrintMarkCC_LW3\Logical\Libraries\AsBrStr\AsBrStr.fun"
    LogicalPath="Libraries.AsBrStr.AsBrStr.fun"
    Type="File"
    LastWriteTime="133479596501904327"
    Private="false" />
  <Object
    Path="C:\Users\maskeu\Desktop\All\projects\ECamp\PrintMarkCC_LW3\Logical\Libraries\AsBrStr\AsBrStr.typ"
    LogicalPath="Libraries.AsBrStr.AsBrStr.typ"
    Type="File"
    LastWriteTime="133479596502060566"
    Private="false" />
  <Object
    Path="C:\Users\maskeu\Desktop\All\projects\ECamp\PrintMarkCC_LW3\Logical\Libraries\AsBrStr\AsBrStr.var"
    LogicalPath="Libraries.AsBrStr.AsBrStr.var"
    Type="File"
    LastWriteTime="133479596502060566"
    Private="false" />
  <Object
    Path="C:\Users\maskeu\Desktop\All\projects\ECamp\PrintMarkCC_LW3\Logical\Axis\Package.pkg"
    LogicalPath="Axis"
    Type="Package"
    LastWriteTime="133474398249350306" />
  <Object
    Path="C:\Users\maskeu\Desktop\All\projects\ECamp\PrintMarkCC_LW3\Logical\Axis\gAxMaster\Package.pkg"
    LogicalPath="Axis.gAxMaster"
    Type="Package"
    LastWriteTime="133474617788190066" />
  <Object
    Path="C:\Users\maskeu\Desktop\All\projects\ECamp\PrintMarkCC_LW3\Logical\Axis\gAxMaster\gAxMsa\Apt.dob"
    LogicalPath="Axis.gAxMaster.gAxMsa"
    Type="DataObject"
    LastWriteTime="133474617582063067" />
  <Object
    Path="C:\Users\maskeu\Desktop\All\projects\ECamp\PrintMarkCC_LW3\Logical\Axis\gAxMaster\gAxMsa\gAxisMs.apt"
    LogicalPath="Axis.gAxMaster.gAxMsa.gAxisMs.apt"
    Type="File"
    LastWriteTime="133474380134203944"
    Private="false" />
  <Object
    Path="C:\Users\maskeu\Desktop\All\projects\ECamp\PrintMarkCC_LW3\Logical\Axis\gAxMaster\gAxMsi\Ax.dob"
    LogicalPath="Axis.gAxMaster.gAxMsi"
    Type="DataObject"
    LastWriteTime="133474617659901005" />
  <Object
    Path="C:\Users\maskeu\Desktop\All\projects\ECamp\PrintMarkCC_LW3\Logical\Axis\gAxMaster\gAxMsi\gAxisMs.ax"
    LogicalPath="Axis.gAxMaster.gAxMsi.gAxisMs.ax"
    Type="File"
    LastWriteTime="133474380134203944"
    Private="false" />
  <Object
    Path="C:\Users\maskeu\Desktop\All\projects\ECamp\PrintMarkCC_LW3\Logical\Axis\acp10etxen\Ett.dob"
    LogicalPath="Axis.acp10etxen"
    Type="DataObject"
    LastWriteTime="133474380134360941" />
  <Object
    Path="C:\Users\maskeu\Desktop\All\projects\ECamp\PrintMarkCC_LW3\Logical\Axis\acp10etxen\acp10etxen.ett"
    LogicalPath="Axis.acp10etxen.acp10etxen.ett"
    Type="File"
    LastWriteTime="133474380134360941"
    Private="false" />
  <Object
    Path="C:\Users\maskeu\Desktop\All\projects\ECamp\PrintMarkCC_LW3\Logical\Axis\gAxSlave\Package.pkg"
    LogicalPath="Axis.gAxSlave"
    Type="Package"
    LastWriteTime="133474434864274180" />
  <Object
    Path="C:\Users\maskeu\Desktop\All\projects\ECamp\PrintMarkCC_LW3\Logical\Axis\gAxSlave\gAxSlavea\Apt.dob"
    LogicalPath="Axis.gAxSlave.gAxSlavea"
    Type="DataObject"
    LastWriteTime="133474380134516551" />
  <Object
    Path="C:\Users\maskeu\Desktop\All\projects\ECamp\PrintMarkCC_LW3\Logical\Axis\gAxSlave\gAxSlavea\gAxis02a.apt"
    LogicalPath="Axis.gAxSlave.gAxSlavea.gAxis02a.apt"
    Type="File"
    LastWriteTime="133474380134516551"
    Private="false" />
  <Object
    Path="C:\Users\maskeu\Desktop\All\projects\ECamp\PrintMarkCC_LW3\Logical\Axis\gAxSlave\gAxSlavei\Ax.dob"
    LogicalPath="Axis.gAxSlave.gAxSlavei"
    Type="DataObject"
    LastWriteTime="133474435693141782" />
  <Object
    Path="C:\Users\maskeu\Desktop\All\projects\ECamp\PrintMarkCC_LW3\Logical\Axis\gAxSlave\gAxSlavei\gAxisSlave.ax"
    LogicalPath="Axis.gAxSlave.gAxSlavei.gAxisSlave.ax"
    Type="File"
    LastWriteTime="133474380134516551"
    Private="false" />
  <Object
    Path="C:\Users\maskeu\Desktop\All\projects\ECamp\PrintMarkCC_LW3\Logical\Cutter\Package.pkg"
    LogicalPath="Cutter"
    Type="Package"
    LastWriteTime="133476922684455908" />
  <Object
    Path="C:\Users\maskeu\Desktop\All\projects\ECamp\PrintMarkCC_LW3\Logical\Cutter\Cutter\IEC.prg"
    LogicalPath="Cutter.Cutter"
    Type="Program"
    LastWriteTime="133477837374440754" />
  <Object
    Path="C:\Users\maskeu\Desktop\All\projects\ECamp\PrintMarkCC_LW3\Logical\Cutter\Cutter\Main.st"
    LogicalPath="Cutter.Cutter.Main.st"
    Type="File"
    LastWriteTime="133479685781245459"
    Private="false" />
  <Object
    Path="C:\Users\maskeu\Desktop\All\projects\ECamp\PrintMarkCC_LW3\Logical\Cutter\Cutter\Types.typ"
    LogicalPath="Cutter.Cutter.Types.typ"
    Type="File"
    LastWriteTime="133477813561513369"
    Private="true" />
  <Object
    Path="C:\Users\maskeu\Desktop\All\projects\ECamp\PrintMarkCC_LW3\Logical\Cutter\Cutter\Variables.var"
    LogicalPath="Cutter.Cutter.Variables.var"
    Type="File"
    LastWriteTime="133479723521094158"
    Private="true" />
  <Object
    Path="C:\Users\maskeu\Desktop\All\projects\ECamp\PrintMarkCC_LW3\Logical\Cutter\Cutter\SingCutter.st"
    LogicalPath="Cutter.Cutter.SingCutter.st"
    Type="File"
    LastWriteTime="133479728858079487"
    Private="false" />
  <Object
    Path="C:\Users\maskeu\Desktop\All\projects\ECamp\PrintMarkCC_LW3\Logical\Cutter\Cutter\MultCutter.st"
    LogicalPath="Cutter.Cutter.MultCutter.st"
    Type="File"
    LastWriteTime="133479728858453538"
    Private="false" />
  <Object
    Path="C:\Users\maskeu\Desktop\All\projects\ECamp\PrintMarkCC_LW3\Logical\Cutter\Cutter\CamAutoSingle.st"
    LogicalPath="Cutter.Cutter.CamAutoSingle.st"
    Type="File"
    LastWriteTime="133477857428532879"
    Private="false" />
  <Object
    Path="C:\Users\maskeu\Desktop\All\projects\ECamp\PrintMarkCC_LW3\Logical\Cutter\Cutter\CamAutoMulti.st"
    LogicalPath="Cutter.Cutter.CamAutoMulti.st"
    Type="File"
    LastWriteTime="133477860967945410"
    Private="false" />
  <Object
    Path="C:\Users\maskeu\Desktop\All\projects\ECamp\PrintMarkCC_LW3\Logical\Cutter\Cutter\RegCap.st"
    LogicalPath="Cutter.Cutter.RegCap.st"
    Type="File"
    LastWriteTime="133479724510894019"
    Private="false" />
  <Object
    Path="C:\Users\maskeu\Desktop\All\projects\ECamp\PrintMarkCC_LW3\Logical\Cutter\CutCtrl.typ"
    LogicalPath="Cutter.CutCtrl.typ"
    Type="File"
    LastWriteTime="133476922799927634"
    Private="false" />
  <Object
    Path="C:\Users\maskeu\Desktop\All\projects\ECamp\PrintMarkCC_LW3\Logical\AutoCtrl\Package.pkg"
    LogicalPath="AutoCtrl"
    Type="Package"
    LastWriteTime="133476915567038685" />
  <Object
    Path="C:\Users\maskeu\Desktop\All\projects\ECamp\PrintMarkCC_LW3\Logical\AutoCtrl\AutoCtrl\IEC.prg"
    LogicalPath="AutoCtrl.AutoCtrl"
    Type="Program"
    LastWriteTime="133477837465120244" />
  <Object
    Path="C:\Users\maskeu\Desktop\All\projects\ECamp\PrintMarkCC_LW3\Logical\AutoCtrl\AutoCtrl\Main.st"
    LogicalPath="AutoCtrl.AutoCtrl.Main.st"
    Type="File"
    LastWriteTime="133477869518973820"
    Private="false" />
  <Object
    Path="C:\Users\maskeu\Desktop\All\projects\ECamp\PrintMarkCC_LW3\Logical\AutoCtrl\AutoCtrl\Types.typ"
    LogicalPath="AutoCtrl.AutoCtrl.Types.typ"
    Type="File"
    LastWriteTime="133477836604519311"
    Private="true" />
  <Object
    Path="C:\Users\maskeu\Desktop\All\projects\ECamp\PrintMarkCC_LW3\Logical\AutoCtrl\AutoCtrl\Variables.var"
    LogicalPath="AutoCtrl.AutoCtrl.Variables.var"
    Type="File"
    LastWriteTime="133477849214985888"
    Private="true" />
  <Object
    Path="C:\Users\maskeu\Desktop\All\projects\ECamp\PrintMarkCC_LW3\Logical\AutoCtrl\AutoCtrl\Alarms_Reset.st"
    LogicalPath="AutoCtrl.AutoCtrl.Alarms_Reset.st"
    Type="File"
    LastWriteTime="133477869637343239"
    Private="false" />
  <Object
    Path="C:\Users\maskeu\Desktop\All\projects\ECamp\PrintMarkCC_LW3\Logical\ConvCtrl\Package.pkg"
    LogicalPath="ConvCtrl"
    Type="Package"
    LastWriteTime="133476126803043172" />
  <Object
    Path="C:\Users\maskeu\Desktop\All\projects\ECamp\PrintMarkCC_LW3\Logical\ConvCtrl\ConvCtrl\IEC.prg"
    LogicalPath="ConvCtrl.ConvCtrl"
    Type="Program"
    LastWriteTime="133476091494967093" />
  <Object
    Path="C:\Users\maskeu\Desktop\All\projects\ECamp\PrintMarkCC_LW3\Logical\ConvCtrl\ConvCtrl\Main.st"
    LogicalPath="ConvCtrl.ConvCtrl.Main.st"
    Type="File"
    LastWriteTime="133479728857453853"
    Private="false" />
  <Object
    Path="C:\Users\maskeu\Desktop\All\projects\ECamp\PrintMarkCC_LW3\Logical\ConvCtrl\ConvCtrl\Types.typ"
    LogicalPath="ConvCtrl.ConvCtrl.Types.typ"
    Type="File"
    LastWriteTime="133477835866644063"
    Private="true" />
  <Object
    Path="C:\Users\maskeu\Desktop\All\projects\ECamp\PrintMarkCC_LW3\Logical\ConvCtrl\ConvCtrl\Variables.var"
    LogicalPath="ConvCtrl.ConvCtrl.Variables.var"
    Type="File"
    LastWriteTime="133478141132923678"
    Private="true" />
  <Object
    Path="C:\Users\maskeu\Desktop\All\projects\ECamp\PrintMarkCC_LW3\Logical\Alarms\Package.pkg"
    LogicalPath="Alarms"
    Type="Package"
    LastWriteTime="133475370186417720" />
  <Object
    Path="C:\Users\maskeu\Desktop\All\projects\ECamp\PrintMarkCC_LW3\Logical\Alarms\AlarmsX\IEC.prg"
    LogicalPath="Alarms.AlarmsX"
    Type="Program"
    LastWriteTime="133475370186261050" />
  <Object
    Path="C:\Users\maskeu\Desktop\All\projects\ECamp\PrintMarkCC_LW3\Logical\Alarms\AlarmsX\Main.st"
    LogicalPath="Alarms.AlarmsX.Main.st"
    Type="File"
    LastWriteTime="133478759541592189"
    Private="false" />
  <Object
    Path="C:\Users\maskeu\Desktop\All\projects\ECamp\PrintMarkCC_LW3\Logical\Alarms\AlarmsX\Types.typ"
    LogicalPath="Alarms.AlarmsX.Types.typ"
    Type="File"
    LastWriteTime="133475370186261050"
    Private="true" />
  <Object
    Path="C:\Users\maskeu\Desktop\All\projects\ECamp\PrintMarkCC_LW3\Logical\Alarms\AlarmsX\Variables.var"
    LogicalPath="Alarms.AlarmsX.Variables.var"
    Type="File"
    LastWriteTime="133478759792632002"
    Private="true" />
  <Object
    Path="C:\Users\maskeu\Desktop\All\projects\ECamp\PrintMarkCC_LW3\Logical\Datarec\Package.pkg"
    LogicalPath="Datarec"
    Type="Package"
    LastWriteTime="133477843742319874" />
  <Object
    Path="C:\Users\maskeu\Desktop\All\projects\ECamp\PrintMarkCC_LW3\Logical\Datarec\DataRec\IEC.prg"
    LogicalPath="Datarec.DataRec"
    Type="Program"
    LastWriteTime="133477843742300261" />
  <Object
    Path="C:\Users\maskeu\Desktop\All\projects\ECamp\PrintMarkCC_LW3\Logical\Datarec\DataRec\Main.st"
    LogicalPath="Datarec.DataRec.Main.st"
    Type="File"
    LastWriteTime="133477871807165847"
    Private="false" />
  <Object
    Path="C:\Users\maskeu\Desktop\All\projects\ECamp\PrintMarkCC_LW3\Logical\Datarec\DataRec\Types.typ"
    LogicalPath="Datarec.DataRec.Types.typ"
    Type="File"
    LastWriteTime="133477843742269876"
    Private="true" />
  <Object
    Path="C:\Users\maskeu\Desktop\All\projects\ECamp\PrintMarkCC_LW3\Logical\Datarec\DataRec\Variables.var"
    LogicalPath="Datarec.DataRec.Variables.var"
    Type="File"
    LastWriteTime="133477861698131301"
    Private="true" />
  <Object
    Path="C:\Users\maskeu\Desktop\All\projects\ECamp\PrintMarkCC_LW3\Logical\Visu\Package.pkg"
    LogicalPath="Visu"
    Type="Package"
    LastWriteTime="133474406042328422" />
  <Object
    Path="C:\Users\maskeu\Desktop\All\projects\ECamp\PrintMarkCC_LW3\Logical\mappView\Package.pkg"
    LogicalPath="mappView"
    Type="Package"
    LastWriteTime="133476492902775558" />
  <Object
    Path="C:\Users\maskeu\Desktop\All\projects\ECamp\PrintMarkCC_LW3\Logical\mappView\Layouts\Package.pkg"
    LogicalPath="mappView.Layouts"
    Type="Package"
    LastWriteTime="133476491110301503" />
  <Object
    Path="C:\Users\maskeu\Desktop\All\projects\ECamp\PrintMarkCC_LW3\Logical\mappView\Widgets\Package.pkg"
    LogicalPath="mappView.Widgets"
    Type="Package"
    LastWriteTime="133476491110301503" />
  <Object
    Path="C:\Users\maskeu\Desktop\All\projects\ECamp\PrintMarkCC_LW3\Logical\mappView\Resources\Package.pkg"
    LogicalPath="mappView.Resources"
    Type="Package"
    LastWriteTime="133476491110832873" />
  <Object
    Path="C:\Users\maskeu\Desktop\All\projects\ECamp\PrintMarkCC_LW3\Logical\mappView\Resources\Texts\Package.pkg"
    LogicalPath="mappView.Resources.Texts"
    Type="Package"
    LastWriteTime="133476491110676032" />
  <Object
    Path="C:\Users\maskeu\Desktop\All\projects\ECamp\PrintMarkCC_LW3\Logical\mappView\Resources\Snippets\Package.pkg"
    LogicalPath="mappView.Resources.Snippets"
    Type="Package"
    LastWriteTime="133476491110676032" />
  <Object
    Path="C:\Users\maskeu\Desktop\All\projects\ECamp\PrintMarkCC_LW3\Logical\mappView\Resources\Themes\Package.pkg"
    LogicalPath="mappView.Resources.Themes"
    Type="Package"
    LastWriteTime="133476491110832873" />
  <Object
    Path="C:\Users\maskeu\Desktop\All\projects\ECamp\PrintMarkCC_LW3\Logical\mappView\Resources\Media\Package.pkg"
    LogicalPath="mappView.Resources.Media"
    Type="Package"
    LastWriteTime="133478125279171279" />
  <Object
    Path="C:\Users\maskeu\Desktop\All\projects\ECamp\PrintMarkCC_LW3\Logical\mappView\Resources\Media\login.png"
    LogicalPath="mappView.Resources.Media.login.png"
    Type="File"
    LastWriteTime="133476497992518609"
    Private="false" />
  <Object
    Path="C:\Users\maskeu\Desktop\All\projects\ECamp\PrintMarkCC_LW3\Logical\mappView\Resources\Media\soda.png"
    LogicalPath="mappView.Resources.Media.soda.png"
    Type="File"
    LastWriteTime="133476497992879042"
    Private="false" />
  <Object
    Path="C:\Users\maskeu\Desktop\All\projects\ECamp\PrintMarkCC_LW3\Logical\mappView\Resources\Media\stop.png"
    LogicalPath="mappView.Resources.Media.stop.png"
    Type="File"
    LastWriteTime="133476497993279197"
    Private="false" />
  <Object
    Path="C:\Users\maskeu\Desktop\All\projects\ECamp\PrintMarkCC_LW3\Logical\mappView\Resources\Media\adjust.png"
    LogicalPath="mappView.Resources.Media.adjust.png"
    Type="File"
    LastWriteTime="133476497993689027"
    Private="false" />
  <Object
    Path="C:\Users\maskeu\Desktop\All\projects\ECamp\PrintMarkCC_LW3\Logical\mappView\Resources\Media\alarm.png"
    LogicalPath="mappView.Resources.Media.alarm.png"
    Type="File"
    LastWriteTime="133476497994068774"
    Private="false" />
  <Object
    Path="C:\Users\maskeu\Desktop\All\projects\ECamp\PrintMarkCC_LW3\Logical\mappView\Resources\Media\check.png"
    LogicalPath="mappView.Resources.Media.check.png"
    Type="File"
    LastWriteTime="133476497994733524"
    Private="false" />
  <Object
    Path="C:\Users\maskeu\Desktop\All\projects\ECamp\PrintMarkCC_LW3\Logical\mappView\Resources\Media\checked.png"
    LogicalPath="mappView.Resources.Media.checked.png"
    Type="File"
    LastWriteTime="133476497995144674"
    Private="false" />
  <Object
    Path="C:\Users\maskeu\Desktop\All\projects\ECamp\PrintMarkCC_LW3\Logical\mappView\Resources\Media\Estop.png"
    LogicalPath="mappView.Resources.Media.Estop.png"
    Type="File"
    LastWriteTime="133476497995554668"
    Private="false" />
  <Object
    Path="C:\Users\maskeu\Desktop\All\projects\ECamp\PrintMarkCC_LW3\Logical\mappView\Resources\Media\home.png"
    LogicalPath="mappView.Resources.Media.home.png"
    Type="File"
    LastWriteTime="133476497995935950"
    Private="false" />
  <Object
    Path="C:\Users\maskeu\Desktop\All\projects\ECamp\PrintMarkCC_LW3\Logical\mappView\Resources\Media\Logo.png"
    LogicalPath="mappView.Resources.Media.Logo.png"
    Type="File"
    LastWriteTime="133476497996316702"
    Private="false" />
  <Object
    Path="C:\Users\maskeu\Desktop\All\projects\ECamp\PrintMarkCC_LW3\Logical\mappView\Resources\Media\logout.png"
    LogicalPath="mappView.Resources.Media.logout.png"
    Type="File"
    LastWriteTime="133476497996959223"
    Private="false" />
  <Object
    Path="C:\Users\maskeu\Desktop\All\projects\ECamp\PrintMarkCC_LW3\Logical\mappView\Resources\Media\play.png"
    LogicalPath="mappView.Resources.Media.play.png"
    Type="File"
    LastWriteTime="133476497997361712"
    Private="false" />
  <Object
    Path="C:\Users\maskeu\Desktop\All\projects\ECamp\PrintMarkCC_LW3\Logical\mappView\Resources\Media\logoa.png"
    LogicalPath="mappView.Resources.Media.logoa.png"
    Type="File"
    LastWriteTime="133476497997822750"
    Private="false" />
  <Object
    Path="C:\Users\maskeu\Desktop\All\projects\ECamp\PrintMarkCC_LW3\Logical\mappView\Resources\Media\red.svg"
    LogicalPath="mappView.Resources.Media.red.svg"
    Type="File"
    LastWriteTime="133478125278374929"
    Private="false" />
  <Object
    Path="C:\Users\maskeu\Desktop\All\projects\ECamp\PrintMarkCC_LW3\Logical\mappView\Resources\Media\green.svg"
    LogicalPath="mappView.Resources.Media.green.svg"
    Type="File"
    LastWriteTime="133478125279171279"
    Private="false" />
  <Object
    Path="C:\Users\maskeu\Desktop\All\projects\ECamp\PrintMarkCC_LW3\Logical\mappView\Visualization\Package.pkg"
    LogicalPath="mappView.Visualization"
    Type="Package"
    LastWriteTime="133476491283507180" />
  <Object
    Path="C:\Users\maskeu\Desktop\All\projects\ECamp\PrintMarkCC_LW3\Logical\mappView\Visualization\Pages\Package.pkg"
    LogicalPath="mappView.Visualization.Pages"
    Type="Package"
    LastWriteTime="133476491538093481" />
  <Object
    Path="C:\Users\maskeu\Desktop\All\projects\ECamp\PrintMarkCC_LW3\Logical\mappView\Visualization\Pages\AreaContents\Package.pkg"
    LogicalPath="mappView.Visualization.Pages.AreaContents"
    Type="Package"
    LastWriteTime="133476491283038545" />
  <Object
    Path="C:\Users\maskeu\Desktop\All\projects\ECamp\PrintMarkCC_LW3\Logical\mappView\Visualization\Pages\Page\Package.pkg"
    LogicalPath="mappView.Visualization.Pages.Page"
    Type="Package"
    LastWriteTime="133480393456719431" />
  <Object
    Path="C:\Users\maskeu\Desktop\All\projects\ECamp\PrintMarkCC_LW3\Logical\mappView\Visualization\Pages\Page\Page.page"
    LogicalPath="mappView.Visualization.Pages.Page.Page.page"
    Type="File"
    LastWriteTime="133476496609949797"
    Private="false" />
  <Object
    Path="C:\Users\maskeu\Desktop\All\projects\ECamp\PrintMarkCC_LW3\Logical\mappView\Visualization\Pages\Page\HomeContent.content"
    LogicalPath="mappView.Visualization.Pages.Page.HomeContent.content"
    Type="File"
    LastWriteTime="133480401060024591"
    Private="false" />
  <Object
    Path="C:\Users\maskeu\Desktop\All\projects\ECamp\PrintMarkCC_LW3\Logical\mappView\Visualization\Pages\Page\NavBarContent.content"
    LogicalPath="mappView.Visualization.Pages.Page.NavBarContent.content"
    Type="File"
    LastWriteTime="133478265086354739"
    Private="false" />
  <Object
    Path="C:\Users\maskeu\Desktop\All\projects\ECamp\PrintMarkCC_LW3\Logical\mappView\Visualization\Pages\Page\HeaderContent.content"
    LogicalPath="mappView.Visualization.Pages.Page.HeaderContent.content"
    Type="File"
    LastWriteTime="133476505278681807"
    Private="false" />
  <Object
    Path="C:\Users\maskeu\Desktop\All\projects\ECamp\PrintMarkCC_LW3\Logical\mappView\Visualization\Pages\Page\UserContent.content"
    LogicalPath="mappView.Visualization.Pages.Page.UserContent.content"
    Type="File"
    LastWriteTime="133476514450472540"
    Private="false" />
  <Object
    Path="C:\Users\maskeu\Desktop\All\projects\ECamp\PrintMarkCC_LW3\Logical\mappView\Visualization\Pages\Page\AlarmsContetn.content"
    LogicalPath="mappView.Visualization.Pages.Page.AlarmsContetn.content"
    Type="File"
    LastWriteTime="133478759494149243"
    Private="false" />
  <Object
    Path="C:\Users\maskeu\Desktop\All\projects\ECamp\PrintMarkCC_LW3\Logical\mappView\Visualization\Pages\Page\DiagnosContent.content"
    LogicalPath="mappView.Visualization.Pages.Page.DiagnosContent.content"
    Type="File"
    LastWriteTime="133476520119564317"
    Private="false" />
  <Object
    Path="C:\Users\maskeu\Desktop\All\projects\ECamp\PrintMarkCC_LW3\Logical\mappView\Visualization\Pages\Page\AxCtrlContent.content"
    LogicalPath="mappView.Visualization.Pages.Page.AxCtrlContent.content"
    Type="File"
    LastWriteTime="133480391091798724"
    Private="false" />
  <Object
    Path="C:\Users\maskeu\Desktop\All\projects\ECamp\PrintMarkCC_LW3\Logical\mappView\Visualization\Pages\Page\AxSetContent.content"
    LogicalPath="mappView.Visualization.Pages.Page.AxSetContent.content"
    Type="File"
    LastWriteTime="133480391524357429"
    Private="false" />
  <Object
    Path="C:\Users\maskeu\Desktop\All\projects\ECamp\PrintMarkCC_LW3\Logical\mappView\Visualization\Pages\Page\ManualContent.content"
    LogicalPath="mappView.Visualization.Pages.Page.ManualContent.content"
    Type="File"
    LastWriteTime="133480389027902600"
    Private="false" />
  <Object
    Path="C:\Users\maskeu\Desktop\All\projects\ECamp\PrintMarkCC_LW3\Logical\mappView\Visualization\Variables\Package.pkg"
    LogicalPath="mappView.Visualization.Variables"
    Type="Package"
    LastWriteTime="133476491283038545" />
  <Object
    Path="C:\Users\maskeu\Desktop\All\projects\ECamp\PrintMarkCC_LW3\Logical\mappView\Visualization\Expressions\Package.pkg"
    LogicalPath="mappView.Visualization.Expressions"
    Type="Package"
    LastWriteTime="133476491283195512" />
  <Object
    Path="C:\Users\maskeu\Desktop\All\projects\ECamp\PrintMarkCC_LW3\Logical\mappView\Visualization\Layouts\Package.pkg"
    LogicalPath="mappView.Visualization.Layouts"
    Type="Package"
    LastWriteTime="133476491929462034" />
  <Object
    Path="C:\Users\maskeu\Desktop\All\projects\ECamp\PrintMarkCC_LW3\Logical\mappView\Visualization\Layouts\MainLayout.layout"
    LogicalPath="mappView.Visualization.Layouts.MainLayout.layout"
    Type="File"
    LastWriteTime="133476493969589900"
    Private="false" />
  <Object
    Path="C:\Users\maskeu\Desktop\All\projects\ECamp\PrintMarkCC_LW3\Logical\mappView\Visualization\Layouts\DialogLayout.layout"
    LogicalPath="mappView.Visualization.Layouts.DialogLayout.layout"
    Type="File"
    LastWriteTime="133476491832715124"
    Private="false" />
  <Object
    Path="C:\Users\maskeu\Desktop\All\projects\ECamp\PrintMarkCC_LW3\Logical\mappView\Visualization\Layouts\popupLayout.layout"
    LogicalPath="mappView.Visualization.Layouts.popupLayout.layout"
    Type="File"
    LastWriteTime="133476491874154372"
    Private="false" />
  <Object
    Path="C:\Users\maskeu\Desktop\All\projects\ECamp\PrintMarkCC_LW3\Logical\mappView\Visualization\Dialogs\Package.pkg"
    LogicalPath="mappView.Visualization.Dialogs"
    Type="Package"
    LastWriteTime="133478268031176020" />
  <Object
    Path="C:\Users\maskeu\Desktop\All\projects\ECamp\PrintMarkCC_LW3\Logical\mappView\Visualization\Dialogs\AreaContents\Package.pkg"
    LogicalPath="mappView.Visualization.Dialogs.AreaContents"
    Type="Package"
    LastWriteTime="133476491283350659" />
  <Object
    Path="C:\Users\maskeu\Desktop\All\projects\ECamp\PrintMarkCC_LW3\Logical\mappView\Visualization\Dialogs\Dialog\Package.pkg"
    LogicalPath="mappView.Visualization.Dialogs.Dialog"
    Type="Package"
    LastWriteTime="133478268030393344" />
  <Object
    Path="C:\Users\maskeu\Desktop\All\projects\ECamp\PrintMarkCC_LW3\Logical\mappView\Visualization\Dialogs\Dialog\Dialog.dialog"
    LogicalPath="mappView.Visualization.Dialogs.Dialog.Dialog.dialog"
    Type="File"
    LastWriteTime="133478268030363262"
    Private="false" />
  <Object
    Path="C:\Users\maskeu\Desktop\All\projects\ECamp\PrintMarkCC_LW3\Logical\mappView\Visualization\Dialogs\Dialog\SingleCutterAni.content"
    LogicalPath="mappView.Visualization.Dialogs.Dialog.SingleCutterAni.content"
    Type="File"
    LastWriteTime="133478268030382949"
    Private="false" />
  <Object
    Path="C:\Users\maskeu\Desktop\All\projects\ECamp\PrintMarkCC_LW3\Logical\mappView\Visualization\Dialogs\PopUp\Package.pkg"
    LogicalPath="mappView.Visualization.Dialogs.PopUp"
    Type="Package"
    LastWriteTime="133478268030716021" />
  <Object
    Path="C:\Users\maskeu\Desktop\All\projects\ECamp\PrintMarkCC_LW3\Logical\mappView\Visualization\Dialogs\PopUp\PopUpDia.dialog"
    LogicalPath="mappView.Visualization.Dialogs.PopUp.PopUpDia.dialog"
    Type="File"
    LastWriteTime="133478268030686023"
    Private="false" />
  <Object
    Path="C:\Users\maskeu\Desktop\All\projects\ECamp\PrintMarkCC_LW3\Logical\mappView\Visualization\Dialogs\PopUp\PopUpContent.content"
    LogicalPath="mappView.Visualization.Dialogs.PopUp.PopUpContent.content"
    Type="File"
    LastWriteTime="133478751885539219"
    Private="false" />
  <Object
    Path="C:\Users\maskeu\Desktop\All\projects\ECamp\PrintMarkCC_LW3\Logical\mappView\Visualization\Dialogs\CutterDialog\Package.pkg"
    LogicalPath="mappView.Visualization.Dialogs.CutterDialog"
    Type="Package"
    LastWriteTime="133478268031166476" />
  <Object
    Path="C:\Users\maskeu\Desktop\All\projects\ECamp\PrintMarkCC_LW3\Logical\mappView\Visualization\Dialogs\CutterDialog\Cutter.dialog"
    LogicalPath="mappView.Visualization.Dialogs.CutterDialog.Cutter.dialog"
    Type="File"
    LastWriteTime="133478268031126024"
    Private="false" />
  <Object
    Path="C:\Users\maskeu\Desktop\All\projects\ECamp\PrintMarkCC_LW3\Logical\mappView\Visualization\Dialogs\CutterDialog\CutterDialog.content"
    LogicalPath="mappView.Visualization.Dialogs.CutterDialog.CutterDialog.content"
    Type="File"
    LastWriteTime="133478753521316558"
    Private="false" />
  <Object
    Path="C:\Users\maskeu\Desktop\All\projects\ECamp\PrintMarkCC_LW3\Logical\mappView\Visualization\Resources\Package.pkg"
    LogicalPath="mappView.Visualization.Resources"
    Type="Package"
    LastWriteTime="133476491283507180" />
  <Object
    Path="C:\Users\maskeu\Desktop\All\projects\ECamp\PrintMarkCC_LW3\Logical\mappView\Visualization\Resources\Texts\Package.pkg"
    LogicalPath="mappView.Visualization.Resources.Texts"
    Type="Package"
    LastWriteTime="133476491283350659" />
  <Object
    Path="C:\Users\maskeu\Desktop\All\projects\ECamp\PrintMarkCC_LW3\Logical\mappView\Visualization\Resources\Snippets\Package.pkg"
    LogicalPath="mappView.Visualization.Resources.Snippets"
    Type="Package"
    LastWriteTime="133476491283507180" />
  <Object
    Path="C:\Users\maskeu\Desktop\All\projects\ECamp\PrintMarkCC_LW3\Logical\mappView\Project.language"
    LogicalPath="mappView.Project.language"
    Type="File"
    LastWriteTime="133476503936289817"
    Private="false" />
  <Object
    Path="C:\Users\maskeu\Desktop\All\projects\ECamp\PrintMarkCC_LW3\Logical\mappView\TextSystem.tmx"
    LogicalPath="mappView.TextSystem.tmx"
    Type="File"
    LastWriteTime="133480386188184830"
    Private="false" />
  <Object
    Path="C:\Users\maskeu\Desktop\All\projects\ECamp\PrintMarkCC_LW3\Physical\Config1\Config.pkg"
    LogicalPath="Config1"
    Type="Configuration.ParentUnknown"
    LastWriteTime="133474379430989710" />
  <Object
    Path="C:\Users\maskeu\Desktop\All\projects\ECamp\PrintMarkLabWork\Physical\Config1\Hardware.hw"
    LogicalPath="Config1.Hardware.hw"
    Type="File"
    LastWriteTime="133479562606749400"
    Private="false" />
  <Object
    Path="C:\Users\maskeu\Desktop\All\projects\ECamp\PrintMarkLabWork\Physical\Config1\Hardware.hwl"
    LogicalPath="Config1.Hardware.hwl"
    Type="File"
    LastWriteTime="133478319388072296"
    Private="false" />
  <Object
    Path="C:\Users\maskeu\Desktop\All\projects\ECamp\PrintMarkCC_LW3\Physical\Config1\X20CP0484\Cpu.pkg"
    LogicalPath="Config1.X20CP0484"
    Type="Cpu"
    LastWriteTime="133479729863512619" />
  <Object
    Path="C:\Users\maskeu\Desktop\All\projects\ECamp\PrintMarkCC_LW3\Physical\Config1\X20CP0484\Cpu.sw"
    LogicalPath="Config1.X20CP0484.Cpu.sw"
    Type="File"
    LastWriteTime="133479596503219582"
    Private="false" />
  <Object
    Path="C:\Users\maskeu\Desktop\All\projects\ECamp\PrintMarkCC_LW3\Physical\Config1\X20CP0484\Cpu.per"
    LogicalPath="Config1.X20CP0484.Cpu.per"
    Type="File"
    LastWriteTime="133474379392248592"
    Private="false" />
  <Object
    Path="C:\Users\maskeu\Desktop\All\projects\ECamp\PrintMarkCC_LW3\Physical\Config1\X20CP0484\IoMap.iom"
    LogicalPath="Config1.X20CP0484.IoMap.iom"
    Type="File"
    LastWriteTime="133474379392248592"
    Private="false" />
  <Object
    Path="C:\Users\maskeu\Desktop\All\projects\ECamp\PrintMarkCC_LW3\Physical\Config1\X20CP0484\PvMap.vvm"
    LogicalPath="Config1.X20CP0484.PvMap.vvm"
    Type="File"
    LastWriteTime="133474379392405647"
    Private="false" />
  <Object
    Path="C:\Users\maskeu\Desktop\All\projects\ECamp\PrintMarkCC_LW3\Physical\Config1\X20CP0484\Connectivity\Package.pkg"
    LogicalPath="Config1.X20CP0484.Connectivity"
    Type="Package"
    LastWriteTime="133474379393094915" />
  <Object
    Path="C:\Users\maskeu\Desktop\All\projects\ECamp\PrintMarkCC_LW3\Physical\Config1\X20CP0484\Connectivity\OpcUA\Package.pkg"
    LogicalPath="Config1.X20CP0484.Connectivity.OpcUA"
    Type="Package"
    LastWriteTime="133478105647333906" />
  <Object
    Path="C:\Users\maskeu\Desktop\All\projects\ECamp\PrintMarkCC_LW3\Physical\Config1\X20CP0484\Connectivity\OpcUA\OpcUaMap.uad"
    LogicalPath="Config1.X20CP0484.Connectivity.OpcUA.OpcUaMap.uad"
    Type="File"
    LastWriteTime="133480399709566401"
    Private="false" />
  <Object
    Path="C:\Users\maskeu\Desktop\All\projects\ECamp\PrintMarkCC_LW3\Physical\Config1\X20CP0484\Connectivity\OpcUaFx\Package.pkg"
    LogicalPath="Config1.X20CP0484.Connectivity.OpcUaFx"
    Type="Package"
    LastWriteTime="133474379393094915" />
  <Object
    Path="C:\Users\maskeu\Desktop\All\projects\ECamp\PrintMarkCC_LW3\Physical\Config1\X20CP0484\TextSystem\Package.pkg"
    LogicalPath="Config1.X20CP0484.TextSystem"
    Type="Package"
    LastWriteTime="133476492638200464" />
  <Object
    Path="C:\Users\maskeu\Desktop\All\projects\ECamp\PrintMarkCC_LW3\Physical\Config1\X20CP0484\TextSystem\TC.textconfig"
    LogicalPath="Config1.X20CP0484.TextSystem.TC.textconfig"
    Type="File"
    LastWriteTime="133476503387351086"
    Private="false" />
  <Object
    Path="C:\Users\maskeu\Desktop\All\projects\ECamp\PrintMarkCC_LW3\Physical\Config1\X20CP0484\UnitSystem\Package.pkg"
    LogicalPath="Config1.X20CP0484.UnitSystem"
    Type="Package"
    LastWriteTime="133474379393563530" />
  <Object
    Path="C:\Users\maskeu\Desktop\All\projects\ECamp\PrintMarkCC_LW3\Physical\Config1\X20CP0484\AccessAndSecurity\Package.pkg"
    LogicalPath="Config1.X20CP0484.AccessAndSecurity"
    Type="Package"
    LastWriteTime="133474379395099732" />
  <Object
    Path="C:\Users\maskeu\Desktop\All\projects\ECamp\PrintMarkCC_LW3\Physical\Config1\X20CP0484\AccessAndSecurity\UserRoleSystem\Package.pkg"
    LogicalPath="Config1.X20CP0484.AccessAndSecurity.UserRoleSystem"
    Type="Package"
    LastWriteTime="133474379393784771" />
  <Object
    Path="C:\Users\maskeu\Desktop\All\projects\ECamp\PrintMarkCC_LW3\Physical\Config1\X20CP0484\AccessAndSecurity\UserRoleSystem\Role.role"
    LogicalPath="Config1.X20CP0484.AccessAndSecurity.UserRoleSystem.Role.role"
    Type="File"
    LastWriteTime="133476510512148941"
    Private="false" />
  <Object
    Path="C:\Users\maskeu\Desktop\All\projects\ECamp\PrintMarkCC_LW3\Physical\Config1\X20CP0484\AccessAndSecurity\UserRoleSystem\User.user"
    LogicalPath="Config1.X20CP0484.AccessAndSecurity.UserRoleSystem.User.user"
    Type="File"
    LastWriteTime="133476510740839203"
    Private="false" />
  <Object
    Path="C:\Users\maskeu\Desktop\All\projects\ECamp\PrintMarkCC_LW3\Physical\Config1\X20CP0484\AccessAndSecurity\CertificateStore\Package.pkg"
    LogicalPath="Config1.X20CP0484.AccessAndSecurity.CertificateStore"
    Type="Package"
    LastWriteTime="133474379394722063" />
  <Object
    Path="C:\Users\maskeu\Desktop\All\projects\ECamp\PrintMarkCC_LW3\Physical\Config1\X20CP0484\AccessAndSecurity\CertificateStore\OwnCertificates\Package.pkg"
    LogicalPath="Config1.X20CP0484.AccessAndSecurity.CertificateStore.OwnCertificates"
    Type="Package"
    LastWriteTime="133474379394253456" />
  <Object
    Path="C:\Users\maskeu\Desktop\All\projects\ECamp\PrintMarkCC_LW3\Physical\Config1\X20CP0484\AccessAndSecurity\CertificateStore\OwnCertificates\Certificates\Package.pkg"
    LogicalPath="Config1.X20CP0484.AccessAndSecurity.CertificateStore.OwnCertificates.Certificates"
    Type="Package"
    LastWriteTime="133474379393941061" />
  <Object
    Path="C:\Users\maskeu\Desktop\All\projects\ECamp\PrintMarkCC_LW3\Physical\Config1\X20CP0484\AccessAndSecurity\CertificateStore\OwnCertificates\PrivateKeys\Package.pkg"
    LogicalPath="Config1.X20CP0484.AccessAndSecurity.CertificateStore.OwnCertificates.PrivateKeys"
    Type="Package"
    LastWriteTime="133474379394097276" />
  <Object
    Path="C:\Users\maskeu\Desktop\All\projects\ECamp\PrintMarkCC_LW3\Physical\Config1\X20CP0484\AccessAndSecurity\CertificateStore\ThirdPartyCertificates\Package.pkg"
    LogicalPath="Config1.X20CP0484.AccessAndSecurity.CertificateStore.ThirdPartyCertificates"
    Type="Package"
    LastWriteTime="133474379394409676" />
  <Object
    Path="C:\Users\maskeu\Desktop\All\projects\ECamp\PrintMarkCC_LW3\Physical\Config1\X20CP0484\AccessAndSecurity\CertificateStore\ThirdPartyCertificates\SoftwareCertificates\Package.pkg"
    LogicalPath="Config1.X20CP0484.AccessAndSecurity.CertificateStore.ThirdPartyCertificates.SoftwareCertificates"
    Type="Package"
    LastWriteTime="133474379394409676" />
  <Object
    Path="C:\Users\maskeu\Desktop\All\projects\ECamp\PrintMarkCC_LW3\Physical\Config1\X20CP0484\AccessAndSecurity\CertificateStore\CertificateRevocationLists\Package.pkg"
    LogicalPath="Config1.X20CP0484.AccessAndSecurity.CertificateStore.CertificateRevocationLists"
    Type="Package"
    LastWriteTime="133474379394565877" />
  <Object
    Path="C:\Users\maskeu\Desktop\All\projects\ECamp\PrintMarkCC_LW3\Physical\Config1\X20CP0484\AccessAndSecurity\CertificateStore\CertificateSigningRequests\Package.pkg"
    LogicalPath="Config1.X20CP0484.AccessAndSecurity.CertificateStore.CertificateSigningRequests"
    Type="Package"
    LastWriteTime="133474379394722063" />
  <Object
    Path="C:\Users\maskeu\Desktop\All\projects\ECamp\PrintMarkCC_LW3\Physical\Config1\X20CP0484\AccessAndSecurity\TransportLayerSecurity\Package.pkg"
    LogicalPath="Config1.X20CP0484.AccessAndSecurity.TransportLayerSecurity"
    Type="Package"
    LastWriteTime="133474379394944205" />
  <Object
    Path="C:\Users\maskeu\Desktop\All\projects\ECamp\PrintMarkCC_LW3\Physical\Config1\X20CP0484\AccessAndSecurity\Firewall\Package.pkg"
    LogicalPath="Config1.X20CP0484.AccessAndSecurity.Firewall"
    Type="Package"
    LastWriteTime="133474379395099732" />
  <Object
    Path="C:\Users\maskeu\Desktop\All\projects\ECamp\PrintMarkCC_LW3\Physical\Config1\X20CP0484\AccessAndSecurity\Firewall\Rules.firewallRules"
    LogicalPath="Config1.X20CP0484.AccessAndSecurity.Firewall.Rules.firewallRules"
    Type="File"
    LastWriteTime="133474379394944205"
    Private="false" />
  <Object
    Path="C:\Users\maskeu\Desktop\All\projects\ECamp\PrintMarkCC_LW3\Physical\Config1\X20CP0484\mappControl\Package.pkg"
    LogicalPath="Config1.X20CP0484.mappControl"
    Type="Package"
    LastWriteTime="133474379395255835" />
  <Object
    Path="C:\Users\maskeu\Desktop\All\projects\ECamp\PrintMarkCC_LW3\Physical\Config1\X20CP0484\mappMotion\Package.pkg"
    LogicalPath="Config1.X20CP0484.mappMotion"
    Type="Package"
    LastWriteTime="133474379395412866" />
  <Object
    Path="C:\Users\maskeu\Desktop\All\projects\ECamp\PrintMarkCC_LW3\Physical\Config1\X20CP0484\mappServices\Package.pkg"
    LogicalPath="Config1.X20CP0484.mappServices"
    Type="Package"
    LastWriteTime="133477847147466337" />
  <Object
    Path="C:\Users\maskeu\Desktop\All\projects\ECamp\PrintMarkCC_LW3\Physical\Config1\X20CP0484\mappServices\Alarms.mpalarmxcore"
    LogicalPath="Config1.X20CP0484.mappServices.Alarms.mpalarmxcore"
    Type="File"
    LastWriteTime="133477840474562542"
    Private="false" />
  <Object
    Path="C:\Users\maskeu\Desktop\All\projects\ECamp\PrintMarkCC_LW3\Physical\Config1\X20CP0484\mappServices\UserX.mpuserx"
    LogicalPath="Config1.X20CP0484.mappServices.UserX.mpuserx"
    Type="File"
    LastWriteTime="133476511742734067"
    Private="false" />
  <Object
    Path="C:\Users\maskeu\Desktop\All\projects\ECamp\PrintMarkCC_LW3\Physical\Config1\X20CP0484\mappServices\dataReco.mpdatarecorder"
    LogicalPath="Config1.X20CP0484.mappServices.dataReco.mpdatarecorder"
    Type="File"
    LastWriteTime="133477844726471268"
    Private="false" />
  <Object
    Path="C:\Users\maskeu\Desktop\All\projects\ECamp\PrintMarkCC_LW3\Physical\Config1\X20CP0484\mappSafety\Package.pkg"
    LogicalPath="Config1.X20CP0484.mappSafety"
    Type="Package"
    LastWriteTime="133474379396258334" />
  <Object
    Path="C:\Users\maskeu\Desktop\All\projects\ECamp\PrintMarkCC_LW3\Physical\Config1\X20CP0484\mappSafety\SafeApplication\Package.pkg"
    LogicalPath="Config1.X20CP0484.mappSafety.SafeApplication"
    Type="Package"
    LastWriteTime="133474379395945906" />
  <Object
    Path="C:\Users\maskeu\Desktop\All\projects\ECamp\PrintMarkCC_LW3\Physical\Config1\X20CP0484\mappSafety\SafeCommissioning\Package.pkg"
    LogicalPath="Config1.X20CP0484.mappSafety.SafeCommissioning"
    Type="Package"
    LastWriteTime="133474379396258334" />
  <Object
    Path="C:\Users\maskeu\Desktop\All\projects\ECamp\PrintMarkCC_LW3\Physical\Config1\X20CP0484\mappView\Package.pkg"
    LogicalPath="Config1.X20CP0484.mappView"
    Type="Package"
    LastWriteTime="133479715072471877" />
  <Object
    Path="C:\Users\maskeu\Desktop\All\projects\ECamp\PrintMarkCC_LW3\Physical\Config1\X20CP0484\mappView\Config.mappviewcfg"
    LogicalPath="Config1.X20CP0484.mappView.Config.mappviewcfg"
    Type="File"
    LastWriteTime="133480400388905885"
    Private="false" />
  <Object
    Path="C:\Users\maskeu\Desktop\All\projects\ECamp\PrintMarkCC_LW3\Physical\Config1\X20CP0484\mappView\Visualizat.vis"
    LogicalPath="Config1.X20CP0484.mappView.Visualizat.vis"
    Type="File"
    LastWriteTime="133479715073096847"
    Private="false" />
  <Object
    Path="C:\Users\maskeu\Desktop\All\projects\ECamp\PrintMarkCC_LW3\Physical\Config1\X20CP0484\mappView\HomeContent.binding"
    LogicalPath="Config1.X20CP0484.mappView.HomeContent.binding"
    Type="File"
    LastWriteTime="133480401060866953"
    Private="false" />
  <Object
    Path="C:\Users\maskeu\Desktop\All\projects\ECamp\PrintMarkCC_LW3\Physical\Config1\X20CP0484\mappView\PopUpContent.binding"
    LogicalPath="Config1.X20CP0484.mappView.PopUpContent.binding"
    Type="File"
    LastWriteTime="133478757638433686"
    Private="false" />
  <Object
    Path="C:\Users\maskeu\Desktop\All\projects\ECamp\PrintMarkCC_LW3\Physical\Config1\X20CP0484\mappView\AxCtrlContent.binding"
    LogicalPath="Config1.X20CP0484.mappView.AxCtrlContent.binding"
    Type="File"
    LastWriteTime="133479737292671105"
    Private="false" />
  <Object
    Path="C:\Users\maskeu\Desktop\All\projects\ECamp\PrintMarkCC_LW3\Physical\Config1\X20CP0484\mappView\CutterDialog.binding"
    LogicalPath="Config1.X20CP0484.mappView.CutterDialog.binding"
    Type="File"
    LastWriteTime="133478757654620457"
    Private="false" />
  <Object
    Path="C:\Users\maskeu\Desktop\All\projects\ECamp\PrintMarkCC_LW3\Physical\Config1\X20CP0484\mappView\AxisSetContent.binding"
    LogicalPath="Config1.X20CP0484.mappView.AxisSetContent.binding"
    Type="File"
    LastWriteTime="133478254504490995"
    Private="false" />
  <Object
    Path="C:\Users\maskeu\Desktop\All\projects\ECamp\PrintMarkCC_LW3\Physical\Config1\X20CP0484\mappView\ManualContent.binding"
    LogicalPath="Config1.X20CP0484.mappView.ManualContent.binding"
    Type="File"
    LastWriteTime="133480389028059262"
    Private="false" />
  <Object
    Path="C:\Users\maskeu\Desktop\All\projects\ECamp\PrintMarkCC_LW3\Physical\Config1\X20CP0484\mappView\NavBarContent.eventbinding"
    LogicalPath="Config1.X20CP0484.mappView.NavBarContent.eventbinding"
    Type="File"
    LastWriteTime="133478266203700664"
    Private="false" />
  <Object
    Path="C:\Users\maskeu\Desktop\All\projects\ECamp\PrintMarkCC_LW3\Physical\Config1\X20CP0484\mappView\HomeContent.eventbinding"
    LogicalPath="Config1.X20CP0484.mappView.HomeContent.eventbinding"
    Type="File"
    LastWriteTime="133479590291983873"
    Private="false" />
  <Object
    Path="C:\Users\maskeu\Desktop\All\projects\ECamp\PrintMarkCC_LW3\Physical\Config1\X20CP0484\mappView\PopUpContent.eventbinding"
    LogicalPath="Config1.X20CP0484.mappView.PopUpContent.eventbinding"
    Type="File"
    LastWriteTime="133478778248981212"
    Private="false" />
  <Object
    Path="C:\Users\maskeu\Desktop\All\projects\ECamp\PrintMarkCC_LW3\Physical\Config1\X20CP0484\mappView\ManualContent.eventbinding"
    LogicalPath="Config1.X20CP0484.mappView.ManualContent.eventbinding"
    Type="File"
    LastWriteTime="133478282680944133"
    Private="false" />
  <Object
    Path="C:\Users\maskeu\Desktop\All\projects\ECamp\PrintMarkCC_LW3\Physical\Config1\X20CP0484\mappView\CutterDialog.eventbinding"
    LogicalPath="Config1.X20CP0484.mappView.CutterDialog.eventbinding"
    Type="File"
    LastWriteTime="133478775836120859"
    Private="false" />
  <Object
    Path="C:\Users\maskeu\Desktop\All\projects\ECamp\PrintMarkCC_LW3\Physical\Config1\X20CP0484\mappView\AlarmsContent.eventbinding"
    LogicalPath="Config1.X20CP0484.mappView.AlarmsContent.eventbinding"
    Type="File"
    LastWriteTime="133478760929675116"
    Private="false" />
  <Object
    Path="C:\Users\maskeu\Desktop\All\projects\ECamp\PrintMarkCC_LW3\Physical\Config1\X20CP0484\mappView\AxisSetContent.eventbinding"
    LogicalPath="Config1.X20CP0484.mappView.AxisSetContent.eventbinding"
    Type="File"
    LastWriteTime="133480391784544553"
    Private="false" />
  <Object
    Path="C:\Users\maskeu\Desktop\All\projects\ECamp\PrintMarkCC_LW3\Physical\Config1\X20CP0484\mappVision\Package.pkg"
    LogicalPath="Config1.X20CP0484.mappVision"
    Type="Package"
    LastWriteTime="133474379396570677" />
  <Object
    Path="C:\Users\maskeu\Desktop\All\projects\ECamp\PrintMarkCC_LW3\Physical\Config1\X20CP0484\mappCockpit\Package.pkg"
    LogicalPath="Config1.X20CP0484.mappCockpit"
    Type="Package"
    LastWriteTime="133474379396948671" />
  <Object
    Path="C:\Users\maskeu\Desktop\All\projects\ECamp\PrintMarkCC_LW3\Physical\Config1\X20CP0484\Motion\Package.pkg"
    LogicalPath="Config1.X20CP0484.Motion"
    Type="Package"
    LastWriteTime="133474417643782199" />
  <Object
    Path="C:\Users\maskeu\Desktop\All\projects\ECamp\PrintMarkCC_LW3\Physical\Config1\X20CP0484\Motion\Acp10cfg.ncc"
    LogicalPath="Config1.X20CP0484.Motion.Acp10cfg.ncc"
    Type="File"
    LastWriteTime="133474380593351739"
    Private="false" />
  <Object
    Path="C:\Users\maskeu\Desktop\All\projects\ECamp\PrintMarkCC_LW3\Physical\Config1\X20CP0484\Motion\Acp10map.ncm"
    LogicalPath="Config1.X20CP0484.Motion.Acp10map.ncm"
    Type="File"
    LastWriteTime="133474618116610081"
    Private="false" />
  <Object
    Path="C:\Users\maskeu\Desktop\All\projects\ECamp\PrintMarkCC_LW3\Physical\Config1\X20CP0484\Motion\Acp10sys.br"
    LogicalPath="Config1.X20CP0484.Motion.Acp10sys.br"
    Type="File"
    LastWriteTime="133474380593663594"
    Private="false" />
  <Object
    Path="C:\Users\maskeu\Desktop\All\projects\ECamp\PrintMarkCC_LW3\Physical\Config1\X20CP0484\Motion\masteraxis.mpaxisbasic"
    LogicalPath="Config1.X20CP0484.Motion.masteraxis.mpaxisbasic"
    Type="File"
    LastWriteTime="133479737293363918"
    Private="false" />
  <Object
    Path="C:\Users\maskeu\Desktop\All\projects\ECamp\PrintMarkCC_LW3\Physical\Config1\X20CP0484\Motion\slaveaxis.mpaxisbasic"
    LogicalPath="Config1.X20CP0484.Motion.slaveaxis.mpaxisbasic"
    Type="File"
    LastWriteTime="133479737362991048"
    Private="false" />
  <Object
    Path="C:\Users\maskeu\Desktop\All\projects\ECamp\PrintMarkCC_LW3\Physical\Config1\Hardware.jpg"
    LogicalPath="Config1.Hardware.jpg"
    Type="File"
    LastWriteTime="133474379430834341"
    Private="false" />
</Objects>