C:\Users\maskeu\Desktop\All\projects\ECamp\PrintMarkCC_LW3\Temp\Includes\AS_TempDecl\Config1\GlobalComponents\MpComponents.var
C:\Users\maskeu\Desktop\All\projects\ECamp\PrintMarkCC_LW3\Logical\Global.typ
C:\Users\maskeu\Desktop\All\projects\ECamp\PrintMarkCC_LW3\Logical\Global.var
C:\Users\maskeu\Desktop\All\projects\ECamp\PrintMarkCC_LW3\Logical\Libraries\operator\operator.fun
C:\Users\maskeu\Desktop\All\projects\ECamp\PrintMarkCC_LW3\Logical\Libraries\operator\operator.typ
C:\Users\maskeu\Desktop\All\projects\ECamp\PrintMarkCC_LW3\Logical\Libraries\operator\operator.var
C:\Users\maskeu\Desktop\All\projects\ECamp\PrintMarkCC_LW3\Logical\Libraries\runtime\runtime.fun
C:\Users\maskeu\Desktop\All\projects\ECamp\PrintMarkCC_LW3\Logical\Libraries\runtime\runtime.typ
C:\Users\maskeu\Desktop\All\projects\ECamp\PrintMarkCC_LW3\Logical\Libraries\runtime\runtime.var
C:\Users\maskeu\Desktop\All\projects\ECamp\PrintMarkCC_LW3\Logical\Libraries\astime\astime.fun
C:\Users\maskeu\Desktop\All\projects\ECamp\PrintMarkCC_LW3\Logical\Libraries\astime\astime.typ
C:\Users\maskeu\Desktop\All\projects\ECamp\PrintMarkCC_LW3\Logical\Libraries\astime\astime.var
C:\Users\maskeu\Desktop\All\projects\ECamp\PrintMarkCC_LW3\Logical\Libraries\AsIecCon\AsIecCon.fun
C:\Users\maskeu\Desktop\All\projects\ECamp\PrintMarkCC_LW3\Logical\Libraries\AsIecCon\AsIecCon.typ
C:\Users\maskeu\Desktop\All\projects\ECamp\PrintMarkCC_LW3\Logical\Libraries\AsIecCon\AsIecCon.var
C:\Users\maskeu\Desktop\All\projects\ECamp\PrintMarkCC_LW3\Logical\Libraries\Acp10man\Acp10man.typ
C:\Users\maskeu\Desktop\All\projects\ECamp\PrintMarkCC_LW3\Logical\Libraries\Acp10par\Acp10par.var
C:\Users\maskeu\Desktop\All\projects\ECamp\PrintMarkCC_LW3\Logical\Libraries\NcGlobal\NcGlobal.fun
C:\Users\maskeu\Desktop\All\projects\ECamp\PrintMarkCC_LW3\Logical\Libraries\NcGlobal\NcGlobal.typ
C:\Users\maskeu\Desktop\All\projects\ECamp\PrintMarkCC_LW3\Logical\Libraries\NcGlobal\NcGlobal.var
C:\Users\maskeu\Desktop\All\projects\ECamp\PrintMarkCC_LW3\Logical\Libraries\MpAxis\MpAxis.typ
C:\Users\maskeu\Desktop\All\projects\ECamp\PrintMarkCC_LW3\Logical\Libraries\MpAxis\MpAxisError.typ
C:\Users\maskeu\Desktop\All\projects\ECamp\PrintMarkCC_LW3\Logical\Libraries\MpAxis\MpAxisAlarm.typ
C:\Users\maskeu\Desktop\All\projects\ECamp\PrintMarkCC_LW3\Logical\Libraries\MpAxis\MpAxis.fun
C:\Users\maskeu\Desktop\All\projects\ECamp\PrintMarkCC_LW3\Logical\Libraries\Acp10_MC\acp10_mc.fun
C:\Users\maskeu\Desktop\All\projects\ECamp\PrintMarkCC_LW3\Logical\Libraries\Acp10_MC\acp10_mc.typ
C:\Users\maskeu\Desktop\All\projects\ECamp\PrintMarkCC_LW3\Logical\Libraries\Acp10_MC\acp10_mc.var
C:\Users\maskeu\Desktop\All\projects\ECamp\PrintMarkCC_LW3\Logical\Libraries\MpBase\MpBase.var
C:\Users\maskeu\Desktop\All\projects\ECamp\PrintMarkCC_LW3\Logical\Libraries\MpBase\MpBase.typ
C:\Users\maskeu\Desktop\All\projects\ECamp\PrintMarkCC_LW3\Logical\Libraries\MpBase\MpBase.fun
C:\Users\maskeu\Desktop\All\projects\ECamp\PrintMarkCC_LW3\Logical\Libraries\MpCom\MpCom.var
C:\Users\maskeu\Desktop\All\projects\ECamp\PrintMarkCC_LW3\Logical\Libraries\MpCom\MpCom.typ
C:\Users\maskeu\Desktop\All\projects\ECamp\PrintMarkCC_LW3\Logical\Libraries\MpCom\MpComError.typ
C:\Users\maskeu\Desktop\All\projects\ECamp\PrintMarkCC_LW3\Logical\Libraries\MpCom\MpCom.fun
C:\Users\maskeu\Desktop\All\projects\ECamp\PrintMarkCC_LW3\Logical\Libraries\sys_lib\sys_lib.fun
C:\Users\maskeu\Desktop\All\projects\ECamp\PrintMarkCC_LW3\Logical\Libraries\sys_lib\sys_lib.typ
C:\Users\maskeu\Desktop\All\projects\ECamp\PrintMarkCC_LW3\Logical\Libraries\sys_lib\sys_lib.var
C:\Users\maskeu\Desktop\All\projects\ECamp\PrintMarkCC_LW3\Logical\Libraries\brsystem\brsystem.fun
C:\Users\maskeu\Desktop\All\projects\ECamp\PrintMarkCC_LW3\Logical\Libraries\brsystem\brsystem.typ
C:\Users\maskeu\Desktop\All\projects\ECamp\PrintMarkCC_LW3\Logical\Libraries\brsystem\brsystem.var
C:\Users\maskeu\Desktop\All\projects\ECamp\PrintMarkCC_LW3\Logical\Libraries\MC_RegMa\MC_RegMa.fun
C:\Users\maskeu\Desktop\All\projects\ECamp\PrintMarkCC_LW3\Logical\Libraries\MC_RegMa\MC_RegMa.typ
C:\Users\maskeu\Desktop\All\projects\ECamp\PrintMarkCC_LW3\Logical\Libraries\MC_RegMa\MC_RegMa.var
C:\Users\maskeu\Desktop\All\projects\ECamp\PrintMarkCC_LW3\Logical\Libraries\MpAlarmX\MpAlarmX.typ
C:\Users\maskeu\Desktop\All\projects\ECamp\PrintMarkCC_LW3\Logical\Libraries\MpAlarmX\MpAlarmXError.typ
C:\Users\maskeu\Desktop\All\projects\ECamp\PrintMarkCC_LW3\Logical\Libraries\MpAlarmX\MpAlarmX.fun
C:\Users\maskeu\Desktop\All\projects\ECamp\PrintMarkCC_LW3\Logical\Libraries\MpUserX\MpUserX.typ
C:\Users\maskeu\Desktop\All\projects\ECamp\PrintMarkCC_LW3\Logical\Libraries\MpUserX\MpUserXError.typ
C:\Users\maskeu\Desktop\All\projects\ECamp\PrintMarkCC_LW3\Logical\Libraries\MpUserX\MpUserXAlarm.typ
C:\Users\maskeu\Desktop\All\projects\ECamp\PrintMarkCC_LW3\Logical\Libraries\MpUserX\MpUserX.fun
C:\Users\maskeu\Desktop\All\projects\ECamp\PrintMarkCC_LW3\Logical\Libraries\MpData\MpData.typ
C:\Users\maskeu\Desktop\All\projects\ECamp\PrintMarkCC_LW3\Logical\Libraries\MpData\MpDataError.typ
C:\Users\maskeu\Desktop\All\projects\ECamp\PrintMarkCC_LW3\Logical\Libraries\MpData\MpDataAlarm.typ
C:\Users\maskeu\Desktop\All\projects\ECamp\PrintMarkCC_LW3\Logical\Libraries\MpData\MpData.fun
C:\Users\maskeu\Desktop\All\projects\ECamp\PrintMarkCC_LW3\Logical\Libraries\FileIO\FileIO.fun
C:\Users\maskeu\Desktop\All\projects\ECamp\PrintMarkCC_LW3\Logical\Libraries\FileIO\FileIO.typ
C:\Users\maskeu\Desktop\All\projects\ECamp\PrintMarkCC_LW3\Logical\Libraries\FileIO\FileIO.var
C:\Users\maskeu\Desktop\All\projects\ECamp\PrintMarkCC_LW3\Logical\Libraries\DataObj\DataObj.fun
C:\Users\maskeu\Desktop\All\projects\ECamp\PrintMarkCC_LW3\Logical\Libraries\DataObj\DataObj.typ
C:\Users\maskeu\Desktop\All\projects\ECamp\PrintMarkCC_LW3\Logical\Libraries\DataObj\DataObj.var
C:\Users\maskeu\Desktop\All\projects\ECamp\PrintMarkCC_LW3\Logical\Libraries\IecCheck\IecCheck.fun
C:\Users\maskeu\Desktop\All\projects\ECamp\PrintMarkCC_LW3\Logical\Libraries\AsBrStr\AsBrStr.fun
C:\Users\maskeu\Desktop\All\projects\ECamp\PrintMarkCC_LW3\Logical\Libraries\AsBrStr\AsBrStr.typ
C:\Users\maskeu\Desktop\All\projects\ECamp\PrintMarkCC_LW3\Logical\Libraries\AsBrStr\AsBrStr.var
C:\Users\maskeu\Desktop\All\projects\ECamp\PrintMarkCC_LW3\Logical\Cutter\CutCtrl.typ
